00:00 +0: loading D:/studioProjects/super_fitness_app/test/app/core/widgets/form_fields/custom_form_field_test.dart
00:00 +0: D:/studioProjects/super_fitness_app/test/app/core/widgets/form_fields/custom_form_field_test.dart: CustomTextFormField renders hint text, prefix icon, and forwards input changes
[90m[­ƒîÄ Easy Localization] [DEBUG] Start[0m
[90m[­ƒîÄ Easy Localization] [DEBUG] Init state[0m
[32m[­ƒîÄ Easy Localization] [INFO] Start locale loaded en[0m
[90m[­ƒîÄ Easy Localization] [DEBUG] Build[0m
[90m[­ƒîÄ Easy Localization] [DEBUG] Init Localization Delegate[0m
[90m[­ƒîÄ Easy Localization] [DEBUG] Init provider[0m
[90m[­ƒîÄ Easy Localization] [DEBUG] Load Localization Delegate[0m
[90m[­ƒîÄ Easy Localization] [DEBUG] Build[0m
[90m[­ƒîÄ Easy Localization] [DEBUG] Init Localization Delegate[0m
[90m[­ƒîÄ Easy Localization] [DEBUG] Init provider[0m
00:01 +1: D:/studioProjects/super_fitness_app/test/app/core/widgets/primary_button_test.dart: PrimaryButton renders its label and triggers the callback when enabled
[90m[­ƒîÄ Easy Localization] [DEBUG] Start[0m
[90m[­ƒîÄ Easy Localization] [DEBUG] Init state[0m
[32m[­ƒîÄ Easy Localization] [INFO] Start locale loaded en[0m
[90m[­ƒîÄ Easy Localization] [DEBUG] Build[0m
[90m[­ƒîÄ Easy Localization] [DEBUG] Init Localization Delegate[0m
[90m[­ƒîÄ Easy Localization] [DEBUG] Init provider[0m
[90m[­ƒîÄ Easy Localization] [DEBUG] Load Localization Delegate[0m
[90m[­ƒîÄ Easy Localization] [DEBUG] Build[0m
[90m[­ƒîÄ Easy Localization] [DEBUG] Init Localization Delegate[0m
[90m[­ƒîÄ Easy Localization] [DEBUG] Init provider[0m
00:01 +2: D:/studioProjects/super_fitness_app/test/features/app_sections/presentation/view/page/app_sections_view_test.dart: AppSectionsView uses the cubit state to choose the visible section
00:01 +2: D:/studioProjects/super_fitness_app/test/app/core/widgets/primary_button_test.dart: PrimaryButton is disabled when isEnabled is false
[90m[­ƒîÄ Easy Localization] [DEBUG] Start[0m
[90m[­ƒîÄ Easy Localization] [DEBUG] Init state[0m
[32m[­ƒîÄ Easy Localization] [INFO] Start locale loaded en[0m
[90m[­ƒîÄ Easy Localization] [DEBUG] Build[0m
[90m[­ƒîÄ Easy Localization] [DEBUG] Init Localization Delegate[0m
[90m[­ƒîÄ Easy Localization] [DEBUG] Init provider[0m
[90m[­ƒîÄ Easy Localization] [DEBUG] Load Localization Delegate[0m
[90m[­ƒîÄ Easy Localization] [DEBUG] Build[0m
[90m[­ƒîÄ Easy Localization] [DEBUG] Init Localization Delegate[0m
[90m[­ƒîÄ Easy Localization] [DEBUG] Init provider[0m
00:01 +3: D:/studioProjects/super_fitness_app/test/features/app_sections/presentation/view/page/app_sections_view_test.dart: AppSectionsView uses the cubit state to choose the visible section
00:01 +3: D:/studioProjects/super_fitness_app/test/app/core/widgets/primary_button_test.dart: PrimaryButton is disabled without a callback and keeps its layout values
[90m[­ƒîÄ Easy Localization] [DEBUG] Start[0m
[90m[­ƒîÄ Easy Localization] [DEBUG] Init state[0m
[32m[­ƒîÄ Easy Localization] [INFO] Start locale loaded en[0m
[90m[­ƒîÄ Easy Localization] [DEBUG] Build[0m
[90m[­ƒîÄ Easy Localization] [DEBUG] Init Localization Delegate[0m
[90m[­ƒîÄ Easy Localization] [DEBUG] Init provider[0m
[90m[­ƒîÄ Easy Localization] [DEBUG] Load Localization Delegate[0m
[90m[­ƒîÄ Easy Localization] [DEBUG] Build[0m
[90m[­ƒîÄ Easy Localization] [DEBUG] Init Localization Delegate[0m
[90m[­ƒîÄ Easy Localization] [DEBUG] Init provider[0m
00:01 +4: D:/studioProjects/super_fitness_app/test/features/app_sections/presentation/view/page/app_sections_view_test.dart: AppSectionsView uses the cubit state to choose the visible section
00:01 +4: D:/studioProjects/super_fitness_app/test/app/core/widgets/form_fields/custom_form_field_test.dart: CustomTextFormField shows a password toggle and changes obscureText when tapped
[90m[­ƒîÄ Easy Localization] [DEBUG] Start[0m
[90m[­ƒîÄ Easy Localization] [DEBUG] Init state[0m
[32m[­ƒîÄ Easy Localization] [INFO] Start locale loaded en[0m
[90m[­ƒîÄ Easy Localization] [DEBUG] Build[0m
[90m[­ƒîÄ Easy Localization] [DEBUG] Init Localization Delegate[0m
[90m[­ƒîÄ Easy Localization] [DEBUG] Init provider[0m
[90m[­ƒîÄ Easy Localization] [DEBUG] Load Localization Delegate[0m
[90m[­ƒîÄ Easy Localization] [DEBUG] Build[0m
[90m[­ƒîÄ Easy Localization] [DEBUG] Init Localization Delegate[0m
[90m[­ƒîÄ Easy Localization] [DEBUG] Init provider[0m
00:01 +5: D:/studioProjects/super_fitness_app/test/features/app_sections/presentation/view/page/app_sections_view_test.dart: AppSectionsView uses the cubit state to choose the visible section
00:01 +6: D:/studioProjects/super_fitness_app/test/features/app_sections/presentation/view/page/app_sections_view_test.dart: AppSectionsView uses the cubit state to choose the visible section
00:01 +7: D:/studioProjects/super_fitness_app/test/features/app_sections/presentation/view/page/app_sections_view_test.dart: AppSectionsView uses the cubit state to choose the visible section
00:01 +8: D:/studioProjects/super_fitness_app/test/features/app_sections/presentation/view/page/app_sections_view_test.dart: AppSectionsView uses the cubit state to choose the visible section
00:01 +8: D:/studioProjects/super_fitness_app/test/app/core/widgets/form_fields/custom_form_field_test.dart: CustomTextFormField does not show a visibility toggle for a normal field
[90m[­ƒîÄ Easy Localization] [DEBUG] Start[0m
[90m[­ƒîÄ Easy Localization] [DEBUG] Init state[0m
[32m[­ƒîÄ Easy Localization] [INFO] Start locale loaded en[0m
[90m[­ƒîÄ Easy Localization] [DEBUG] Build[0m
[90m[­ƒîÄ Easy Localization] [DEBUG] Init Localization Delegate[0m
[90m[­ƒîÄ Easy Localization] [DEBUG] Init provider[0m
[90m[­ƒîÄ Easy Localization] [DEBUG] Load Localization Delegate[0m
[90m[­ƒîÄ Easy Localization] [DEBUG] Build[0m
[90m[­ƒîÄ Easy Localization] [DEBUG] Init Localization Delegate[0m
[90m[­ƒîÄ Easy Localization] [DEBUG] Init provider[0m
00:01 +9: D:/studioProjects/super_fitness_app/test/features/app_sections/presentation/view/page/app_sections_view_test.dart: AppSectionsView uses the cubit state to choose the visible section
[90m[­ƒîÄ Easy Localization] [DEBUG] Start[0m
[90m[­ƒîÄ Easy Localization] [DEBUG] Init state[0m
[32m[­ƒîÄ Easy Localization] [INFO] Start locale loaded en[0m
[90m[­ƒîÄ Easy Localization] [DEBUG] Build[0m
[90m[­ƒîÄ Easy Localization] [DEBUG] Init Localization Delegate[0m
[90m[­ƒîÄ Easy Localization] [DEBUG] Init provider[0m
[90m[­ƒîÄ Easy Localization] [DEBUG] Load Localization Delegate[0m
[90m[­ƒîÄ Easy Localization] [DEBUG] Build[0m
[90m[­ƒîÄ Easy Localization] [DEBUG] Init Localization Delegate[0m
[90m[­ƒîÄ Easy Localization] [DEBUG] Init provider[0m
00:01 +10: D:/studioProjects/super_fitness_app/test/features/app_sections/presentation/view/widgets/app_sections_bottom_nav_bar_test.dart: AppSectionsNavItem shows the label when the item is selected
[90m[­ƒîÄ Easy Localization] [DEBUG] Start[0m
[90m[­ƒîÄ Easy Localization] [DEBUG] Init state[0m
[32m[­ƒîÄ Easy Localization] [INFO] Start locale loaded en[0m
[90m[­ƒîÄ Easy Localization] [DEBUG] Build[0m
[90m[­ƒîÄ Easy Localization] [DEBUG] Init Localization Delegate[0m
[90m[­ƒîÄ Easy Localization] [DEBUG] Init provider[0m
[90m[­ƒîÄ Easy Localization] [DEBUG] Load Localization Delegate[0m
[90m[­ƒîÄ Easy Localization] [DEBUG] Build[0m
[90m[­ƒîÄ Easy Localization] [DEBUG] Init Localization Delegate[0m
[90m[­ƒîÄ Easy Localization] [DEBUG] Init provider[0m
00:01 +11: D:/studioProjects/super_fitness_app/test/features/app_sections/presentation/view/widgets/app_section_placeholder_test.dart: AppSectionPlaceholder renders the provided content with the expected styling
[90m[­ƒîÄ Easy Localization] [DEBUG] Start[0m
[90m[­ƒîÄ Easy Localization] [DEBUG] Init state[0m
[32m[­ƒîÄ Easy Localization] [INFO] Start locale loaded en[0m
[90m[­ƒîÄ Easy Localization] [DEBUG] Build[0m
[90m[­ƒîÄ Easy Localization] [DEBUG] Init Localization Delegate[0m
[90m[­ƒîÄ Easy Localization] [DEBUG] Init provider[0m
[90m[­ƒîÄ Easy Localization] [DEBUG] Load Localization Delegate[0m
[90m[­ƒîÄ Easy Localization] [DEBUG] Build[0m
[90m[­ƒîÄ Easy Localization] [DEBUG] Init Localization Delegate[0m
[90m[­ƒîÄ Easy Localization] [DEBUG] Init provider[0m
00:01 +12: D:/studioProjects/super_fitness_app/test/features/app_sections/presentation/view/page/app_sections_view_test.dart: AppSectionsView changes the page when a destination is tapped
[90m[­ƒîÄ Easy Localization] [DEBUG] Start[0m
[90m[­ƒîÄ Easy Localization] [DEBUG] Init state[0m
[32m[­ƒîÄ Easy Localization] [INFO] Start locale loaded en[0m
[90m[­ƒîÄ Easy Localization] [DEBUG] Build[0m
[90m[­ƒîÄ Easy Localization] [DEBUG] Init Localization Delegate[0m
[90m[­ƒîÄ Easy Localization] [DEBUG] Init provider[0m
[90m[­ƒîÄ Easy Localization] [DEBUG] Load Localization Delegate[0m
[90m[­ƒîÄ Easy Localization] [DEBUG] Build[0m
[90m[­ƒîÄ Easy Localization] [DEBUG] Init Localization Delegate[0m
[90m[­ƒîÄ Easy Localization] [DEBUG] Init provider[0m
00:01 +13: D:/studioProjects/super_fitness_app/test/features/app_sections/presentation/view/widgets/app_sections_bottom_nav_bar_test.dart: AppSectionsNavItem hides the label and forwards taps when unselected
[90m[­ƒîÄ Easy Localization] [DEBUG] Start[0m
[90m[­ƒîÄ Easy Localization] [DEBUG] Init state[0m
[32m[­ƒîÄ Easy Localization] [INFO] Start locale loaded en[0m
[90m[­ƒîÄ Easy Localization] [DEBUG] Build[0m
[90m[­ƒîÄ Easy Localization] [DEBUG] Init Localization Delegate[0m
[90m[­ƒîÄ Easy Localization] [DEBUG] Init provider[0m
[90m[­ƒîÄ Easy Localization] [DEBUG] Load Localization Delegate[0m
[90m[­ƒîÄ Easy Localization] [DEBUG] Build[0m
[90m[­ƒîÄ Easy Localization] [DEBUG] Init Localization Delegate[0m
[90m[­ƒîÄ Easy Localization] [DEBUG] Init provider[0m
00:01 +14: D:/studioProjects/super_fitness_app/test/features/app_sections/presentation/view/widgets/app_sections_bottom_nav_bar_test.dart: AppSectionsBottomNavBar renders all destinations and reports tapped indexes
[90m[­ƒîÄ Easy Localization] [DEBUG] Start[0m
[90m[­ƒîÄ Easy Localization] [DEBUG] Init state[0m
[32m[­ƒîÄ Easy Localization] [INFO] Start locale loaded en[0m
[90m[­ƒîÄ Easy Localization] [DEBUG] Build[0m
[90m[­ƒîÄ Easy Localization] [DEBUG] Init Localization Delegate[0m
[90m[­ƒîÄ Easy Localization] [DEBUG] Init provider[0m
[90m[­ƒîÄ Easy Localization] [DEBUG] Load Localization Delegate[0m
[90m[­ƒîÄ Easy Localization] [DEBUG] Build[0m
[90m[­ƒîÄ Easy Localization] [DEBUG] Init Localization Delegate[0m
[90m[­ƒîÄ Easy Localization] [DEBUG] Init provider[0m
00:02 +15: D:/studioProjects/super_fitness_app/test/features/app_start/presentation/pages/app_start_page_test.dart: AppStartPage Widget Test shows loading widget when loading
00:02 +16: D:/studioProjects/super_fitness_app/test/features/app_start/presentation/pages/app_start_page_test.dart: AppStartPage Widget Test shows loading widget when loading
00:02 +17: D:/studioProjects/super_fitness_app/test/features/app_start/presentation/pages/app_start_page_test.dart: AppStartPage Widget Test shows loading widget when loading
00:02 +18: D:/studioProjects/super_fitness_app/test/features/app_start/presentation/pages/app_start_page_test.dart: AppStartPage Widget Test shows loading widget when loading
00:02 +19: D:/studioProjects/super_fitness_app/test/features/app_start/presentation/pages/app_start_page_test.dart: AppStartPage Widget Test shows loading widget when loading
00:02 +20: D:/studioProjects/super_fitness_app/test/features/app_start/presentation/pages/app_start_page_test.dart: AppStartPage Widget Test shows loading widget when loading
00:02 +21: D:/studioProjects/super_fitness_app/test/features/app_start/presentation/pages/app_start_page_test.dart: AppStartPage Widget Test shows loading widget when loading
00:02 +22: D:/studioProjects/super_fitness_app/test/features/app_start/presentation/pages/app_start_page_test.dart: AppStartPage Widget Test shows loading widget when loading
00:02 +23: D:/studioProjects/super_fitness_app/test/features/app_start/presentation/pages/app_start_page_test.dart: AppStartPage Widget Test shows loading widget when loading
00:02 +24: D:/studioProjects/super_fitness_app/test/features/app_start/presentation/pages/app_start_page_test.dart: AppStartPage Widget Test shows loading widget when loading
00:02 +25: D:/studioProjects/super_fitness_app/test/features/app_start/presentation/pages/app_start_page_test.dart: AppStartPage Widget Test shows loading widget when loading
00:02 +26: D:/studioProjects/super_fitness_app/test/features/app_start/presentation/pages/app_start_page_test.dart: AppStartPage Widget Test shows loading widget when loading
00:02 +27: D:/studioProjects/super_fitness_app/test/features/app_start/presentation/pages/app_start_page_test.dart: AppStartPage Widget Test shows loading widget when loading
00:02 +28: D:/studioProjects/super_fitness_app/test/features/app_start/presentation/pages/app_start_page_test.dart: AppStartPage Widget Test shows loading widget when loading
00:02 +29: D:/studioProjects/super_fitness_app/test/features/app_start/presentation/pages/app_start_page_test.dart: AppStartPage Widget Test shows loading widget when loading
00:02 +30: D:/studioProjects/super_fitness_app/test/features/app_start/presentation/pages/app_start_page_test.dart: AppStartPage Widget Test shows loading widget when loading
00:02 +31: D:/studioProjects/super_fitness_app/test/features/onboarding/domain/models/onboarding_model_test.dart: OnboardingModel should create instance with correct values
00:02 +32: D:/studioProjects/super_fitness_app/test/features/app_start/presentation/pages/app_start_page_test.dart: AppStartPage Widget Test shows OnboardingPage when first time user
[34m[­ƒîÄ Easy Localization] [WARNING] Localization key [titleOnboarding1] not found[0m
[34m[­ƒîÄ Easy Localization] [WARNING] Localization key [descriptionOnboarding] not found[0m
[34m[­ƒîÄ Easy Localization] [WARNING] Localization key [titleOnboarding2] not found[0m
[34m[­ƒîÄ Easy Localization] [WARNING] Localization key [descriptionOnboarding] not found[0m
[34m[­ƒîÄ Easy Localization] [WARNING] Localization key [titleOnboarding3] not found[0m
[34m[­ƒîÄ Easy Localization] [WARNING] Localization key [descriptionOnboarding] not found[0m
[34m[­ƒîÄ Easy Localization] [WARNING] Localization key [skip] not found[0m
[34m[­ƒîÄ Easy Localization] [WARNING] Localization key [next] not found[0m
00:03 +33: D:/studioProjects/super_fitness_app/test/features/onboarding/presentation/pages/onboarding_page_test.dart: OnboardingPage Widget Tests should display first page correctly
00:03 +34: D:/studioProjects/super_fitness_app/test/features/onboarding/presentation/pages/onboarding_page_test.dart: OnboardingPage Widget Tests should display first page correctly
00:03 +35: D:/studioProjects/super_fitness_app/test/features/onboarding/presentation/pages/onboarding_page_test.dart: OnboardingPage Widget Tests should display first page correctly
00:03 +36: D:/studioProjects/super_fitness_app/test/features/onboarding/presentation/pages/onboarding_page_test.dart: OnboardingPage Widget Tests should display first page correctly
00:03 +37: D:/studioProjects/super_fitness_app/test/features/onboarding/presentation/pages/onboarding_page_test.dart: OnboardingPage Widget Tests should display first page correctly
00:03 +38: D:/studioProjects/super_fitness_app/test/features/onboarding/presentation/pages/onboarding_page_test.dart: OnboardingPage Widget Tests should display first page correctly
00:03 +38: D:/studioProjects/super_fitness_app/test/features/app_start/presentation/pages/app_start_page_test.dart: AppStartPage Widget Test shows HomePage when NOT first time user
ÔòÉÔòÉÔòí EXCEPTION CAUGHT BY WIDGETS LIBRARY Ôò×ÔòÉÔòÉÔòÉÔòÉÔòÉÔòÉÔòÉÔòÉÔòÉÔòÉÔòÉÔòÉÔòÉÔòÉÔòÉÔòÉÔòÉÔòÉÔòÉÔòÉÔòÉÔòÉÔòÉÔòÉÔòÉÔòÉÔòÉÔòÉÔòÉÔòÉÔòÉÔòÉÔòÉÔòÉÔòÉÔòÉÔòÉÔòÉÔòÉÔòÉÔòÉÔòÉÔòÉÔòÉÔòÉÔòÉÔòÉÔòÉÔòÉÔòÉÔòÉÔòÉÔòÉÔòÉÔòÉÔòÉÔòÉÔòÉÔòÉ
The following ProviderNotFoundException was thrown building AppSectionsView:
Error: Could not find the correct Provider<AppSectionsCubit> above this
BlocBuilder<AppSectionsCubit, AppSectionsState> Widget

This happens because you used a `BuildContext` that does not include the provider
of your choice. There are a few common scenarios:

- You added a new provider in your `main.dart` and performed a hot-reload.
  To fix, perform a hot-restart.

- The provider you are trying to read is in a different route.

  Providers are "scoped". So if you insert of provider inside a route, then
  other routes will not be able to access that provider.

- You used a `BuildContext` that is an ancestor of the provider you are trying to read.

  Make sure that BlocBuilder<AppSectionsCubit, AppSectionsState> is under your
MultiProvider/Provider<AppSectionsCubit>.
  This usually happens when you are creating a provider and trying to read it immediately.

  For example, instead of:

  ```
  Widget build(BuildContext context) {
    return Provider<Example>(
      create: (_) => Example(),
      // Will throw a ProviderNotFoundError, because `context` is associated
      // to the widget that is the parent of `Provider<Example>`
      child: Text(context.watch<Example>().toString()),
    );
  }
  ```

  consider using `builder` like so:

  ```
  Widget build(BuildContext context) {
    return Provider<Example>(
      create: (_) => Example(),
      // we use `builder` to obtain a new `BuildContext` that has access to the provider
      builder: (context, child) {
        // No longer throws
        return Text(context.watch<Example>().toString());
      }
    );
  }
  ```

If none of these solutions work, consider asking for help on StackOverflow:
https://stackoverflow.com/questions/tagged/flutter

The relevant error-causing widget was:
  AppSectionsView
  AppSectionsView:file:///D:/studioProjects/super_fitness_app/lib/features/app_start/presentation/pages/app_start_page.dart:30:30

When the exception was thrown, this was the stack:
#0      Provider._inheritedElementOf (package:provider/src/provider.dart:377:7)
#1      Provider.of (package:provider/src/provider.dart:327:30)
#2      ReadContext.read (package:provider/src/provider.dart:683:21)
#3      _BlocBuilderBaseState.initState (package:flutter_bloc/src/bloc_builder.dart:152:36)
#4      StatefulElement._firstBuild (package:flutter/src/widgets/framework.dart:5950:55)
#5      ComponentElement.mount (package:flutter/src/widgets/framework.dart:5793:5)
...     Normal element mounting (15 frames)
#20     SingleChildWidgetElementMixin.mount (package:nested/nested.dart:222:11)
...     Normal element mounting (21 frames)
#41     _InheritedProviderScopeElement.mount (package:provider/src/inherited_provider.dart:424:11)
...     Normal element mounting (7 frames)
#48     SingleChildWidgetElementMixin.mount (package:nested/nested.dart:222:11)
...     Normal element mounting (7 frames)
#55     SingleChildWidgetElementMixin.mount (package:nested/nested.dart:222:11)
...     Normal element mounting (13 frames)
#68     _InheritedProviderScopeElement.mount (package:provider/src/inherited_provider.dart:424:11)
...     Normal element mounting (7 frames)
#75     SingleChildWidgetElementMixin.mount (package:nested/nested.dart:222:11)
...     Normal element mounting (7 frames)
#82     SingleChildWidgetElementMixin.mount (package:nested/nested.dart:222:11)
...     Normal element mounting (260 frames)
#342    Element.inflateWidget (package:flutter/src/widgets/framework.dart:4587:20)
#343    MultiChildRenderObjectElement.inflateWidget (package:flutter/src/widgets/framework.dart:7264:36)
#344    MultiChildRenderObjectElement.mount (package:flutter/src/widgets/framework.dart:7279:32)
...     Normal element mounting (467 frames)
#811    Element.inflateWidget (package:flutter/src/widgets/framework.dart:4587:20)
#812    Element.updateChild (package:flutter/src/widgets/framework.dart:4053:20)
#813    ComponentElement.performRebuild (package:flutter/src/widgets/framework.dart:5841:16)
#814    Element.rebuild (package:flutter/src/widgets/framework.dart:5529:7)
#815    ProxyElement.update (package:flutter/src/widgets/framework.dart:6149:5)
#816    _InheritedNotifierElement.update (package:flutter/src/widgets/inherited_notifier.dart:108:11)
#817    Element.updateChild (package:flutter/src/widgets/framework.dart:4037:15)
#818    ComponentElement.performRebuild (package:flutter/src/widgets/framework.dart:5841:16)
#819    StatefulElement.performRebuild (package:flutter/src/widgets/framework.dart:5982:11)
#820    Element.rebuild (package:flutter/src/widgets/framework.dart:5529:7)
#821    StatefulElement.update (package:flutter/src/widgets/framework.dart:6007:5)
#822    Element.updateChild (package:flutter/src/widgets/framework.dart:4037:15)
#823    ComponentElement.performRebuild (package:flutter/src/widgets/framework.dart:5841:16)
#824    Element.rebuild (package:flutter/src/widgets/framework.dart:5529:7)
#825    ProxyElement.update (package:flutter/src/widgets/framework.dart:6149:5)
#826    _InheritedNotifierElement.update (package:flutter/src/widgets/inherited_notifier.dart:108:11)
#827    Element.updateChild (package:flutter/src/widgets/framework.dart:4037:15)
#828    ComponentElement.performRebuild (package:flutter/src/widgets/framework.dart:5841:16)
#829    StatefulElement.performRebuild (package:flutter/src/widgets/framework.dart:5982:11)
#830    Element.rebuild (package:flutter/src/widgets/framework.dart:5529:7)
#831    StatefulElement.update (package:flutter/src/widgets/framework.dart:6007:5)
#832    Element.updateChild (package:flutter/src/widgets/framework.dart:4037:15)
#833    ComponentElement.performRebuild (package:flutter/src/widgets/framework.dart:5841:16)
#834    StatefulElement.performRebuild (package:flutter/src/widgets/framework.dart:5982:11)
#835    Element.rebuild (package:flutter/src/widgets/framework.dart:5529:7)
#836    StatefulElement.update (package:flutter/src/widgets/framework.dart:6007:5)
#837    Element.updateChild (package:flutter/src/widgets/framework.dart:4037:15)
#838    ComponentElement.performRebuild (package:flutter/src/widgets/framework.dart:5841:16)
#839    Element.rebuild (package:flutter/src/widgets/framework.dart:5529:7)
#840    ProxyElement.update (package:flutter/src/widgets/framework.dart:6149:5)
#841    Element.updateChild (package:flutter/src/widgets/framework.dart:4037:15)
#842    ComponentElement.performRebuild (package:flutter/src/widgets/framework.dart:5841:16)
#843    StatefulElement.performRebuild (package:flutter/src/widgets/framework.dart:5982:11)
#844    Element.rebuild (package:flutter/src/widgets/framework.dart:5529:7)
#845    StatefulElement.update (package:flutter/src/widgets/framework.dart:6007:5)
#846    Element.updateChild (package:flutter/src/widgets/framework.dart:4037:15)
#847    ComponentElement.performRebuild (package:flutter/src/widgets/framework.dart:5841:16)
#848    Element.rebuild (package:flutter/src/widgets/framework.dart:5529:7)
#849    ProxyElement.update (package:flutter/src/widgets/framework.dart:6149:5)
#850    Element.updateChild (package:flutter/src/widgets/framework.dart:4037:15)
#851    ComponentElement.performRebuild (package:flutter/src/widgets/framework.dart:5841:16)
#852    Element.rebuild (package:flutter/src/widgets/framework.dart:5529:7)
#853    ProxyElement.update (package:flutter/src/widgets/framework.dart:6149:5)
#854    Element.updateChild (package:flutter/src/widgets/framework.dart:4037:15)
#855    _RawViewElement._updateChild (package:flutter/src/widgets/view.dart:481:16)
#856    _RawViewElement.update (package:flutter/src/widgets/view.dart:568:5)
#857    Element.updateChild (package:flutter/src/widgets/framework.dart:4037:15)
#858    ComponentElement.performRebuild (package:flutter/src/widgets/framework.dart:5841:16)
#859    Element.rebuild (package:flutter/src/widgets/framework.dart:5529:7)
#860    StatelessElement.update (package:flutter/src/widgets/framework.dart:5895:5)
#861    Element.updateChild (package:flutter/src/widgets/framework.dart:4037:15)
#862    ComponentElement.performRebuild (package:flutter/src/widgets/framework.dart:5841:16)
#863    StatefulElement.performRebuild (package:flutter/src/widgets/framework.dart:5982:11)
#864    Element.rebuild (package:flutter/src/widgets/framework.dart:5529:7)
#865    StatefulElement.update (package:flutter/src/widgets/framework.dart:6007:5)
#866    Element.updateChild (package:flutter/src/widgets/framework.dart:4037:15)
#867    RootElement._rebuild (package:flutter/src/widgets/binding.dart:1822:16)
#868    RootElement.update (package:flutter/src/widgets/binding.dart:1800:5)
#869    RootElement.performRebuild (package:flutter/src/widgets/binding.dart:1814:7)
#870    Element.rebuild (package:flutter/src/widgets/framework.dart:5529:7)
#871    BuildScope._tryRebuild (package:flutter/src/widgets/framework.dart:2750:15)
#872    BuildScope._flushDirtyElements (package:flutter/src/widgets/framework.dart:2807:11)
#873    BuildOwner.buildScope (package:flutter/src/widgets/framework.dart:3111:18)
#874    AutomatedTestWidgetsFlutterBinding.drawFrame (package:flutter_test/src/binding.dart:2131:19)
#875    RendererBinding._handlePersistentFrameCallback (package:flutter/src/rendering/binding.dart:495:5)
#876    SchedulerBinding._invokeFrameCallback (package:flutter/src/scheduler/binding.dart:1430:15)
#877    SchedulerBinding.handleDrawFrame (package:flutter/src/scheduler/binding.dart:1345:9)
#878    AutomatedTestWidgetsFlutterBinding.pump.<anonymous closure> (package:flutter_test/src/binding.dart:1960:9)
#881    TestAsyncUtils.guard (package:flutter_test/src/test_async_utils.dart:74:41)
#882    AutomatedTestWidgetsFlutterBinding.pump (package:flutter_test/src/binding.dart:1949:27)
#883    WidgetTester.pumpWidget.<anonymous closure> (package:flutter_test/src/widget_tester.dart:598:22)
#886    TestAsyncUtils.guard (package:flutter_test/src/test_async_utils.dart:74:41)
#887    WidgetTester.pumpWidget (package:flutter_test/src/widget_tester.dart:595:27)
#888    main.<anonymous closure>.<anonymous closure> (file:///D:/studioProjects/super_fitness_app/test/features/app_start/presentation/pages/app_start_page_test.dart:74:20)
#889    testWidgets.<anonymous closure>.<anonymous closure> (package:flutter_test/src/widget_tester.dart:192:29)
<asynchronous suspension>
#890    TestWidgetsFlutterBinding._runTestBody (package:flutter_test/src/binding.dart:1682:5)
<asynchronous suspension>
<asynchronous suspension>
(elided 5 frames from dart:async and package:stack_trace)

ÔòÉÔòÉÔòÉÔòÉÔòÉÔòÉÔòÉÔòÉÔòÉÔòÉÔòÉÔòÉÔòÉÔòÉÔòÉÔòÉÔòÉÔòÉÔòÉÔòÉÔòÉÔòÉÔòÉÔòÉÔòÉÔòÉÔòÉÔòÉÔòÉÔòÉÔòÉÔòÉÔòÉÔòÉÔòÉÔòÉÔòÉÔòÉÔòÉÔòÉÔòÉÔòÉÔòÉÔòÉÔòÉÔòÉÔòÉÔòÉÔòÉÔòÉÔòÉÔòÉÔòÉÔòÉÔòÉÔòÉÔòÉÔòÉÔòÉÔòÉÔòÉÔòÉÔòÉÔòÉÔòÉÔòÉÔòÉÔòÉÔòÉÔòÉÔòÉÔòÉÔòÉÔòÉÔòÉÔòÉÔòÉÔòÉÔòÉÔòÉÔòÉÔòÉÔòÉÔòÉÔòÉÔòÉÔòÉÔòÉÔòÉÔòÉÔòÉÔòÉÔòÉÔòÉÔòÉÔòÉÔòÉÔòÉÔòÉÔòÉ
ÔòÉÔòÉÔòí EXCEPTION CAUGHT BY FLUTTER TEST FRAMEWORK Ôò×ÔòÉÔòÉÔòÉÔòÉÔòÉÔòÉÔòÉÔòÉÔòÉÔòÉÔòÉÔòÉÔòÉÔòÉÔòÉÔòÉÔòÉÔòÉÔòÉÔòÉÔòÉÔòÉÔòÉÔòÉÔòÉÔòÉÔòÉÔòÉÔòÉÔòÉÔòÉÔòÉÔòÉÔòÉÔòÉÔòÉÔòÉÔòÉÔòÉÔòÉÔòÉÔòÉÔòÉÔòÉÔòÉÔòÉÔòÉÔòÉÔòÉÔòÉÔòÉÔòÉ
The following TestFailure was thrown running a test:
Expected: exactly one matching candidate
  Actual: _TypeWidgetFinder:<Found 0 widgets with type "HomePage": []>
   Which: means none were found but one was expected

When the exception was thrown, this was the stack:
#4      main.<anonymous closure>.<anonymous closure> (file:///D:/studioProjects/super_fitness_app/test/features/app_start/presentation/pages/app_start_page_test.dart:77:7)
<asynchronous suspension>
#5      testWidgets.<anonymous closure>.<anonymous closure> (package:flutter_test/src/widget_tester.dart:192:15)
<asynchronous suspension>
#6      TestWidgetsFlutterBinding._runTestBody (package:flutter_test/src/binding.dart:1682:5)
<asynchronous suspension>
<asynchronous suspension>
(elided one frame from package:stack_trace)

This was caught by the test expectation on the following line:
  file:///D:/studioProjects/super_fitness_app/test/features/app_start/presentation/pages/app_start_page_test.dart line 77
The test description was:
  shows HomePage when NOT first time user
ÔòÉÔòÉÔòÉÔòÉÔòÉÔòÉÔòÉÔòÉÔòÉÔòÉÔòÉÔòÉÔòÉÔòÉÔòÉÔòÉÔòÉÔòÉÔòÉÔòÉÔòÉÔòÉÔòÉÔòÉÔòÉÔòÉÔòÉÔòÉÔòÉÔòÉÔòÉÔòÉÔòÉÔòÉÔòÉÔòÉÔòÉÔòÉÔòÉÔòÉÔòÉÔòÉÔòÉÔòÉÔòÉÔòÉÔòÉÔòÉÔòÉÔòÉÔòÉÔòÉÔòÉÔòÉÔòÉÔòÉÔòÉÔòÉÔòÉÔòÉÔòÉÔòÉÔòÉÔòÉÔòÉÔòÉÔòÉÔòÉÔòÉÔòÉÔòÉÔòÉÔòÉÔòÉÔòÉÔòÉÔòÉÔòÉÔòÉÔòÉÔòÉÔòÉÔòÉÔòÉÔòÉÔòÉÔòÉÔòÉÔòÉÔòÉÔòÉÔòÉÔòÉÔòÉÔòÉÔòÉÔòÉÔòÉÔòÉÔòÉ
ÔòÉÔòÉÔòí EXCEPTION CAUGHT BY FLUTTER TEST FRAMEWORK Ôò×ÔòÉÔòÉÔòÉÔòÉÔòÉÔòÉÔòÉÔòÉÔòÉÔòÉÔòÉÔòÉÔòÉÔòÉÔòÉÔòÉÔòÉÔòÉÔòÉÔòÉÔòÉÔòÉÔòÉÔòÉÔòÉÔòÉÔòÉÔòÉÔòÉÔòÉÔòÉÔòÉÔòÉÔòÉÔòÉÔòÉÔòÉÔòÉÔòÉÔòÉÔòÉÔòÉÔòÉÔòÉÔòÉÔòÉÔòÉÔòÉÔòÉÔòÉÔòÉÔòÉ
The following message was thrown:
Multiple exceptions (2) were detected during the running of the current test, and at least one was
unexpected.
ÔòÉÔòÉÔòÉÔòÉÔòÉÔòÉÔòÉÔòÉÔòÉÔòÉÔòÉÔòÉÔòÉÔòÉÔòÉÔòÉÔòÉÔòÉÔòÉÔòÉÔòÉÔòÉÔòÉÔòÉÔòÉÔòÉÔòÉÔòÉÔòÉÔòÉÔòÉÔòÉÔòÉÔòÉÔòÉÔòÉÔòÉÔòÉÔòÉÔòÉÔòÉÔòÉÔòÉÔòÉÔòÉÔòÉÔòÉÔòÉÔòÉÔòÉÔòÉÔòÉÔòÉÔòÉÔòÉÔòÉÔòÉÔòÉÔòÉÔòÉÔòÉÔòÉÔòÉÔòÉÔòÉÔòÉÔòÉÔòÉÔòÉÔòÉÔòÉÔòÉÔòÉÔòÉÔòÉÔòÉÔòÉÔòÉÔòÉÔòÉÔòÉÔòÉÔòÉÔòÉÔòÉÔòÉÔòÉÔòÉÔòÉÔòÉÔòÉÔòÉÔòÉÔòÉÔòÉÔòÉÔòÉÔòÉÔòÉÔòÉ
00:03 +38 -1: D:/studioProjects/super_fitness_app/test/features/onboarding/presentation/pages/onboarding_page_test.dart: OnboardingPage Widget Tests should display first page correctly
00:03 +38 -1: D:/studioProjects/super_fitness_app/test/features/app_start/presentation/pages/app_start_page_test.dart: AppStartPage Widget Test shows HomePage when NOT first time user [E]
  Test failed. See exception logs above.
  The test description was: shows HomePage when NOT first time user
  
00:04 +38 -1: D:/studioProjects/super_fitness_app/test/features/onboarding/presentation/pages/onboarding_page_test.dart: OnboardingPage Widget Tests should display first page correctly
[34m[­ƒîÄ Easy Localization] [WARNING] Localization key [titleOnboarding1] not found[0m
[34m[­ƒîÄ Easy Localization] [WARNING] Localization key [descriptionOnboarding] not found[0m
[34m[­ƒîÄ Easy Localization] [WARNING] Localization key [titleOnboarding2] not found[0m
[34m[­ƒîÄ Easy Localization] [WARNING] Localization key [descriptionOnboarding] not found[0m
[34m[­ƒîÄ Easy Localization] [WARNING] Localization key [titleOnboarding3] not found[0m
[34m[­ƒîÄ Easy Localization] [WARNING] Localization key [descriptionOnboarding] not found[0m
[34m[­ƒîÄ Easy Localization] [WARNING] Localization key [skip] not found[0m
[34m[­ƒîÄ Easy Localization] [WARNING] Localization key [next] not found[0m
00:04 +39 -1: D:/studioProjects/super_fitness_app/test/features/signin/presentation/view/pages/signin_page_test.dart: SigninPage composes the auth background and sign in body
00:04 +39 -1: D:/studioProjects/super_fitness_app/test/features/onboarding/presentation/pages/onboarding_page_test.dart: OnboardingPage Widget Tests navigate to second page
[34m[­ƒîÄ Easy Localization] [WARNING] Localization key [titleOnboarding1] not found[0m
[34m[­ƒîÄ Easy Localization] [WARNING] Localization key [descriptionOnboarding] not found[0m
[34m[­ƒîÄ Easy Localization] [WARNING] Localization key [titleOnboarding2] not found[0m
[34m[­ƒîÄ Easy Localization] [WARNING] Localization key [descriptionOnboarding] not found[0m
[34m[­ƒîÄ Easy Localization] [WARNING] Localization key [titleOnboarding3] not found[0m
[34m[­ƒîÄ Easy Localization] [WARNING] Localization key [descriptionOnboarding] not found[0m
[34m[­ƒîÄ Easy Localization] [WARNING] Localization key [skip] not found[0m
[34m[­ƒîÄ Easy Localization] [WARNING] Localization key [next] not found[0m
[34m[­ƒîÄ Easy Localization] [WARNING] Localization key [next] not found[0m
[34m[­ƒîÄ Easy Localization] [WARNING] Localization key [skip] not found[0m
[34m[­ƒîÄ Easy Localization] [WARNING] Localization key [back] not found[0m
[34m[­ƒîÄ Easy Localization] [WARNING] Localization key [next] not found[0m
[34m[­ƒîÄ Easy Localization] [WARNING] Localization key [back] not found[0m
[34m[­ƒîÄ Easy Localization] [WARNING] Localization key [next] not found[0m
00:04 +40 -1: D:/studioProjects/super_fitness_app/test/features/signin/presentation/view/pages/signin_page_test.dart: SigninPage composes the auth background and sign in body
00:04 +40 -1: D:/studioProjects/super_fitness_app/test/features/onboarding/presentation/pages/onboarding_page_test.dart: OnboardingPage Widget Tests navigate to third page
[34m[­ƒîÄ Easy Localization] [WARNING] Localization key [titleOnboarding1] not found[0m
[34m[­ƒîÄ Easy Localization] [WARNING] Localization key [descriptionOnboarding] not found[0m
[34m[­ƒîÄ Easy Localization] [WARNING] Localization key [titleOnboarding2] not found[0m
[34m[­ƒîÄ Easy Localization] [WARNING] Localization key [descriptionOnboarding] not found[0m
[34m[­ƒîÄ Easy Localization] [WARNING] Localization key [titleOnboarding3] not found[0m
[34m[­ƒîÄ Easy Localization] [WARNING] Localization key [descriptionOnboarding] not found[0m
[34m[­ƒîÄ Easy Localization] [WARNING] Localization key [skip] not found[0m
[34m[­ƒîÄ Easy Localization] [WARNING] Localization key [next] not found[0m
[34m[­ƒîÄ Easy Localization] [WARNING] Localization key [next] not found[0m
[34m[­ƒîÄ Easy Localization] [WARNING] Localization key [skip] not found[0m
[34m[­ƒîÄ Easy Localization] [WARNING] Localization key [back] not found[0m
[34m[­ƒîÄ Easy Localization] [WARNING] Localization key [next] not found[0m
[34m[­ƒîÄ Easy Localization] [WARNING] Localization key [back] not found[0m
[34m[­ƒîÄ Easy Localization] [WARNING] Localization key [next] not found[0m
[34m[­ƒîÄ Easy Localization] [WARNING] Localization key [back] not found[0m
[34m[­ƒîÄ Easy Localization] [WARNING] Localization key [next] not found[0m
[34m[­ƒîÄ Easy Localization] [WARNING] Localization key [skip] not found[0m
[34m[­ƒîÄ Easy Localization] [WARNING] Localization key [back] not found[0m
[34m[­ƒîÄ Easy Localization] [WARNING] Localization key [doIt] not found[0m
[34m[­ƒîÄ Easy Localization] [WARNING] Localization key [back] not found[0m
[34m[­ƒîÄ Easy Localization] [WARNING] Localization key [doIt] not found[0m
00:04 +41 -1: D:/studioProjects/super_fitness_app/test/features/signin/presentation/view/pages/signin_page_test.dart: SigninPage composes the auth background and sign in body
00:04 +41 -1: D:/studioProjects/super_fitness_app/test/features/onboarding/presentation/pages/onboarding_page_test.dart: OnboardingPage Widget Tests should navigate to login when skip is pressed
[34m[­ƒîÄ Easy Localization] [WARNING] Localization key [titleOnboarding1] not found[0m
[34m[­ƒîÄ Easy Localization] [WARNING] Localization key [descriptionOnboarding] not found[0m
[34m[­ƒîÄ Easy Localization] [WARNING] Localization key [titleOnboarding2] not found[0m
[34m[­ƒîÄ Easy Localization] [WARNING] Localization key [descriptionOnboarding] not found[0m
[34m[­ƒîÄ Easy Localization] [WARNING] Localization key [titleOnboarding3] not found[0m
[34m[­ƒîÄ Easy Localization] [WARNING] Localization key [descriptionOnboarding] not found[0m
[34m[­ƒîÄ Easy Localization] [WARNING] Localization key [skip] not found[0m
[34m[­ƒîÄ Easy Localization] [WARNING] Localization key [next] not found[0m
00:04 +42 -1: D:/studioProjects/super_fitness_app/test/features/signin/presentation/view/pages/signin_page_test.dart: SigninPage composes the auth background and sign in body
[90m[­ƒîÄ Easy Localization] [DEBUG] Start[0m
[90m[­ƒîÄ Easy Localization] [DEBUG] Init state[0m
[32m[­ƒîÄ Easy Localization] [INFO] Start locale loaded en[0m
[90m[­ƒîÄ Easy Localization] [DEBUG] Build[0m
[90m[­ƒîÄ Easy Localization] [DEBUG] Init Localization Delegate[0m
[90m[­ƒîÄ Easy Localization] [DEBUG] Init provider[0m
[90m[­ƒîÄ Easy Localization] [DEBUG] Load Localization Delegate[0m
[90m[­ƒîÄ Easy Localization] [DEBUG] Build[0m
[90m[­ƒîÄ Easy Localization] [DEBUG] Init Localization Delegate[0m
[90m[­ƒîÄ Easy Localization] [DEBUG] Init provider[0m
00:04 +43 -1: D:/studioProjects/super_fitness_app/test/features/signin/presentation/view/widgets/signin_body_test.dart: SigninBody renders the expected sign in content
00:04 +43 -1: D:/studioProjects/super_fitness_app/test/features/onboarding/presentation/pages/onboarding_page_test.dart: OnboardingPage Widget Tests should navigate to login on last page
[34m[­ƒîÄ Easy Localization] [WARNING] Localization key [titleOnboarding1] not found[0m
[34m[­ƒîÄ Easy Localization] [WARNING] Localization key [descriptionOnboarding] not found[0m
[34m[­ƒîÄ Easy Localization] [WARNING] Localization key [titleOnboarding2] not found[0m
[34m[­ƒîÄ Easy Localization] [WARNING] Localization key [descriptionOnboarding] not found[0m
[34m[­ƒîÄ Easy Localization] [WARNING] Localization key [titleOnboarding3] not found[0m
[34m[­ƒîÄ Easy Localization] [WARNING] Localization key [descriptionOnboarding] not found[0m
[34m[­ƒîÄ Easy Localization] [WARNING] Localization key [skip] not found[0m
[34m[­ƒîÄ Easy Localization] [WARNING] Localization key [next] not found[0m
[34m[­ƒîÄ Easy Localization] [WARNING] Localization key [next] not found[0m
[34m[­ƒîÄ Easy Localization] [WARNING] Localization key [skip] not found[0m
[34m[­ƒîÄ Easy Localization] [WARNING] Localization key [back] not found[0m
[34m[­ƒîÄ Easy Localization] [WARNING] Localization key [next] not found[0m
[34m[­ƒîÄ Easy Localization] [WARNING] Localization key [back] not found[0m
[34m[­ƒîÄ Easy Localization] [WARNING] Localization key [next] not found[0m
[34m[­ƒîÄ Easy Localization] [WARNING] Localization key [back] not found[0m
[34m[­ƒîÄ Easy Localization] [WARNING] Localization key [next] not found[0m
[34m[­ƒîÄ Easy Localization] [WARNING] Localization key [skip] not found[0m
[34m[­ƒîÄ Easy Localization] [WARNING] Localization key [back] not found[0m
[34m[­ƒîÄ Easy Localization] [WARNING] Localization key [doIt] not found[0m
[34m[­ƒîÄ Easy Localization] [WARNING] Localization key [back] not found[0m
[34m[­ƒîÄ Easy Localization] [WARNING] Localization key [doIt] not found[0m
00:04 +44 -1: D:/studioProjects/super_fitness_app/test/features/signin/presentation/view/widgets/signin_body_test.dart: SigninBody renders the expected sign in content
00:04 +44 -1: D:/studioProjects/super_fitness_app/test/features/signin/presentation/view/pages/signin_page_test.dart: SigninPage uses the default auth background image
[90m[­ƒîÄ Easy Localization] [DEBUG] Start[0m
[90m[­ƒîÄ Easy Localization] [DEBUG] Init state[0m
[32m[­ƒîÄ Easy Localization] [INFO] Start locale loaded en[0m
[90m[­ƒîÄ Easy Localization] [DEBUG] Build[0m
[90m[­ƒîÄ Easy Localization] [DEBUG] Init Localization Delegate[0m
[90m[­ƒîÄ Easy Localization] [DEBUG] Init provider[0m
[90m[­ƒîÄ Easy Localization] [DEBUG] Load Localization Delegate[0m
[90m[­ƒîÄ Easy Localization] [DEBUG] Build[0m
[90m[­ƒîÄ Easy Localization] [DEBUG] Init Localization Delegate[0m
[90m[­ƒîÄ Easy Localization] [DEBUG] Init provider[0m
00:04 +45 -1: D:/studioProjects/super_fitness_app/test/features/signin/presentation/view/widgets/signin_body_test.dart: SigninBody renders the expected sign in content
[90m[­ƒîÄ Easy Localization] [DEBUG] Start[0m
[90m[­ƒîÄ Easy Localization] [DEBUG] Init state[0m
[32m[­ƒîÄ Easy Localization] [INFO] Start locale loaded en[0m
[90m[­ƒîÄ Easy Localization] [DEBUG] Build[0m
[90m[­ƒîÄ Easy Localization] [DEBUG] Init Localization Delegate[0m
[90m[­ƒîÄ Easy Localization] [DEBUG] Init provider[0m
[90m[­ƒîÄ Easy Localization] [DEBUG] Load Localization Delegate[0m
[90m[­ƒîÄ Easy Localization] [DEBUG] Build[0m
[90m[­ƒîÄ Easy Localization] [DEBUG] Init Localization Delegate[0m
[90m[­ƒîÄ Easy Localization] [DEBUG] Init provider[0m
00:04 +46 -1: D:/studioProjects/super_fitness_app/test/features/signin/presentation/view/widgets/signin_body_test.dart: SigninBody configures the email and password form fields correctly
[90m[­ƒîÄ Easy Localization] [DEBUG] Start[0m
[90m[­ƒîÄ Easy Localization] [DEBUG] Init state[0m
[32m[­ƒîÄ Easy Localization] [INFO] Start locale loaded en[0m
[90m[­ƒîÄ Easy Localization] [DEBUG] Build[0m
[90m[­ƒîÄ Easy Localization] [DEBUG] Init Localization Delegate[0m
[90m[­ƒîÄ Easy Localization] [DEBUG] Init provider[0m
[90m[­ƒîÄ Easy Localization] [DEBUG] Load Localization Delegate[0m
[90m[­ƒîÄ Easy Localization] [DEBUG] Build[0m
[90m[­ƒîÄ Easy Localization] [DEBUG] Init Localization Delegate[0m
[90m[­ƒîÄ Easy Localization] [DEBUG] Init provider[0m
00:04 +47 -1: D:/studioProjects/super_fitness_app/test/features/signin/presentation/view/widgets/signin_body_test.dart: SigninBody reveals the password when the visibility icon is tapped
[90m[­ƒîÄ Easy Localization] [DEBUG] Start[0m
[90m[­ƒîÄ Easy Localization] [DEBUG] Init state[0m
[32m[­ƒîÄ Easy Localization] [INFO] Start locale loaded en[0m
[90m[­ƒîÄ Easy Localization] [DEBUG] Build[0m
[90m[­ƒîÄ Easy Localization] [DEBUG] Init Localization Delegate[0m
[90m[­ƒîÄ Easy Localization] [DEBUG] Init provider[0m
[90m[­ƒîÄ Easy Localization] [DEBUG] Load Localization Delegate[0m
[90m[­ƒîÄ Easy Localization] [DEBUG] Build[0m
[90m[­ƒîÄ Easy Localization] [DEBUG] Init Localization Delegate[0m
[90m[­ƒîÄ Easy Localization] [DEBUG] Init provider[0m
00:05 +48 -1: Some tests failed.
